// Jest Snapshot v1, https://goo.gl/fbAQLP

exports[`warehouse component snapshot renders correctly 1`] = `
<div
  className="MuiPaper-root MuiPaper-outlined css-16qmdhu-MuiPaper-root"
  data-testid="warehouse-node"
>
  <div
    className="warehouse-img-wrapper MuiBox-root css-0"
  >
    <img
      alt=""
      src="https://res.cloudinary.com/makhzan/image/upload/v1643349711/cld-sample.jpg"
      style={
        Object {
          "maxWidth": "27rem",
        }
      }
    />
  </div>
  <div
    className="css-1arhqv8-MuiStack-root"
  >
    <h5
      className="MuiTypography-root MuiTypography-h5 css-ag7rrr-MuiTypography-root"
    >
      150,000
       EGP / Month
    </h5>
    <p
      className="MuiTypography-root MuiTypography-body2 css-e784if-MuiTypography-root"
    >
      Warehouse 1500 SQM licensed Food & Beverage
    </p>
    <div
      className="css-e53awj-MuiStack-root"
    >
      <div
        className="MuiBox-root css-70qvj9"
      >
        <svg
          aria-hidden={true}
          className="MuiSvgIcon-root MuiSvgIcon-fontSizeMedium css-i4bv87-MuiSvgIcon-root"
          data-testid="WarehouseOutlinedIcon"
          focusable="false"
          viewBox="0 0 24 24"
        >
          <path
            d="M20 8.35V19h-2v-8H6v8H4V8.35l8-3.2 8 3.2zM22 21V7L12 3 2 7v14h6v-8h8v8h6zm-11-2H9v2h2v-2zm2-3h-2v2h2v-2zm2 3h-2v2h2v-2z"
          />
        </svg>
        <p
          className="MuiTypography-root MuiTypography-body2 css-e784if-MuiTypography-root"
        >
          Warehouse
        </p>
      </div>
      <div
        className="MuiBox-root css-70qvj9"
      >
        <svg
          aria-hidden={true}
          className="MuiSvgIcon-root MuiSvgIcon-fontSizeMedium css-i4bv87-MuiSvgIcon-root"
          data-testid="SquareFootSharpIcon"
          focusable="false"
          viewBox="0 0 24 24"
        >
          <path
            d="m17.66 17.66-1.06 1.06-.71-.71 1.06-1.06-1.94-1.94-1.06 1.06-.71-.71 1.06-1.06-1.94-1.94-1.06 1.06-.71-.71 1.06-1.06L9.7 9.7l-1.06 1.06-.71-.71 1.06-1.06-1.94-1.94-1.06 1.06-.71-.71 1.06-1.06L4 4v16h16l-2.34-2.34zM7 17v-5.76L12.76 17H7z"
          />
        </svg>
        <p
          className="MuiTypography-root MuiTypography-body2 css-e784if-MuiTypography-root"
        >
          1500
           sqm
        </p>
      </div>
    </div>
    <p
      className="MuiTypography-root MuiTypography-body2 css-e784if-MuiTypography-root"
    >
      Cairo , 6 October City , 112
    </p>
    <a
      href="/explore/202a085b-4c55-4d7e-9cc1-f2169730256d"
      onClick={[Function]}
    >
      <button
        className="MuiButton-root MuiButton-contained MuiButton-containedPrimary MuiButton-sizeMedium MuiButton-containedSizeMedium MuiButtonBase-root  css-1umhlf7-MuiButtonBase-root-MuiButton-root"
        disabled={false}
        onBlur={[Function]}
        onContextMenu={[Function]}
        onDragLeave={[Function]}
        onFocus={[Function]}
        onKeyDown={[Function]}
        onKeyUp={[Function]}
        onMouseDown={[Function]}
        onMouseLeave={[Function]}
        onMouseUp={[Function]}
        onTouchEnd={[Function]}
        onTouchMove={[Function]}
        onTouchStart={[Function]}
        tabIndex={0}
        type="button"
      >
        More Details
        <span
          className="MuiTouchRipple-root css-8je8zh-MuiTouchRipple-root"
        />
      </button>
    </a>
  </div>
</div>
`;
