// Jest Snapshot v1, https://goo.gl/fbAQLP

exports[`warehouseslist component snapshot renders correctly 1`] = `
<div>
  No warehouses to Display
</div>
`;
